warning: in the working copy of 'assets/mineru/2602.07544/07c67279-35f7-4001-9189-faed6bbbd28a_content_list.json', LF will be replaced by CRLF the next time Git touches it
warning: in the working copy of 'assets/mineru/2602.07544/full.md', LF will be replaced by CRLF the next time Git touches it
warning: in the working copy of 'assets/mineru/2606.18586/d6fe9205-68a1-4a22-bba4-1b676eb58941_content_list.json', LF will be replaced by CRLF the next time Git touches it
warning: in the working copy of 'assets/mineru/2606.18586/full.md', LF will be replaced by CRLF the next time Git touches it
To github.com:Jaywalk18/visual-ssl-digest.git
 ! [remote rejected]   master -> master (cannot lock ref 'refs/heads/master': is at 08364104ab74b1d0e9c39c46c56c6881a4a781f3 but expected bee3d968438b54716660924420ada61b797957cb)
error: failed to push some refs to 'github.com:Jaywalk18/visual-ssl-digest.git'
Traceback (most recent call last):
  File "C:\Users\Administrator\Documents\New project\scripts\publish_visual_ssl_site.py", line 355, in <module>
    main()
    ~~~~^^
  File "C:\Users\Administrator\Documents\New project\scripts\publish_visual_ssl_site.py", line 342, in main
    git_commit_and_push(date, push=not args.no_push)
    ~~~~~~~~~~~~~~~~~~~^^^^^^^^^^^^^^^^^^^^^^^^^^^^^
  File "C:\Users\Administrator\Documents\New project\scripts\publish_visual_ssl_site.py", line 239, in git_commit_and_push
    run(["git", "push"], cwd=SITE_ROOT)
    ~~~^^^^^^^^^^^^^^^^^^^^^^^^^^^^^^^^
  File "C:\Users\Administrator\Documents\New project\scripts\publish_visual_ssl_site.py", line 27, in run
    subprocess.run(cmd, cwd=str(cwd) if cwd else None, check=True)
    ~~~~~~~~~~~~~~^^^^^^^^^^^^^^^^^^^^^^^^^^^^^^^^^^^^^^^^^^^^^^^^
  File "F:\miniconda3\Lib\subprocess.py", line 577, in run
    raise CalledProcessError(retcode, process.args,
                             output=stdout, stderr=stderr)
subprocess.CalledProcessError: Command '['git', 'push']' returned non-zero exit status 1.
