fatal: Unable to create 'H:/Desktop/visual_ssl_digest_site/.git/index.lock': File exists.

Another git process seems to be running in this repository, e.g.
an editor opened by 'git commit'. Please make sure all processes
are terminated then try again. If it still fails, a git process
may have crashed in this repository earlier:
remove the file manually to continue.
Traceback (most recent call last):
  File "C:\Users\Administrator\Documents\New project\scripts\publish_visual_ssl_site.py", line 323, in <module>
    main()
    ~~~~^^
  File "C:\Users\Administrator\Documents\New project\scripts\publish_visual_ssl_site.py", line 318, in main
    git_commit_and_push(date, push=not args.no_push)
    ~~~~~~~~~~~~~~~~~~~^^^^^^^^^^^^^^^^^^^^^^^^^^^^^
  File "C:\Users\Administrator\Documents\New project\scripts\publish_visual_ssl_site.py", line 220, in git_commit_and_push
    run(["git", "add", "-A"], cwd=SITE_ROOT)
    ~~~^^^^^^^^^^^^^^^^^^^^^^^^^^^^^^^^^^^^^
  File "C:\Users\Administrator\Documents\New project\scripts\publish_visual_ssl_site.py", line 22, in run
    subprocess.run(cmd, cwd=str(cwd) if cwd else None, check=True)
    ~~~~~~~~~~~~~~^^^^^^^^^^^^^^^^^^^^^^^^^^^^^^^^^^^^^^^^^^^^^^^^
  File "F:\miniconda3\Lib\subprocess.py", line 577, in run
    raise CalledProcessError(retcode, process.args,
                             output=stdout, stderr=stderr)
subprocess.CalledProcessError: Command '['git', 'add', '-A']' returned non-zero exit status 128.
